<area shape="rect" href="$d3/d41/libdali_8h.html" title="libdali.h" alt="" coords="430,80,499,107">
<area shape="rect" href="$d5/d5f/connection_8c.html" title="connection.c" alt="" coords="6,155,104,182">
<area shape="rect" href="$d9/d47/portable_8c.html" title="portable.c" alt="" coords="835,155,918,182">
<area shape="rect" href="$d3/d95/config_8c.html" title="config.c" alt="" coords="128,155,198,182">
<area shape="rect" href="$d0/d26/genutils_8c.html" title="genutils.c" alt="" coords="222,155,302,182">
<area shape="rect" href="$d2/dbd/logging_8c.html" title="logging.c" alt="" coords="326,155,400,182">
<area shape="rect" href="$d6/d6e/network_8c.html" title="network.c" alt="" coords="424,155,504,182">
<area shape="rect" href="$d3/d82/statefile_8c.html" title="statefile.c" alt="" coords="528,155,608,182">
<area shape="rect" href="$d5/d50/strutils_8c.html" title="strutils.c" alt="" coords="632,155,704,182">
<area shape="rect" href="$de/d75/timeutils_8c.html" title="timeutils.c" alt="" coords="728,155,811,182">
